// Jest Snapshot v1, https://goo.gl/fbAQLP

exports[`App should take a snapshot 1`] = `
<DocumentFragment>
  <div
    class="Backdrop__BackdropWrapper-t2gny5-1 gDUmoH"
  >
    <div
      class="Backdrop__DivStyled-t2gny5-0 hCmRwe default"
    >
      <img
        alt="Woman in lotus position"
        class="App__Icon-sc-3vbase-0 icSXeb icon"
        src="lotus_woman.png"
      />
      <p
        class="sc-AxirZ dUQxWr prompt"
        data-testid="prompt"
      >
        Do you love yourself enough?
      </p>
      <button
        class="App__ButtonStyled-sc-3vbase-1 gSaLlo buttonLeft"
      >
        shuffle
      </button>
      <button
        class="App__ButtonStyled-sc-3vbase-1 gSaLlo buttonRight"
      >
        start
      </button>
    </div>
  </div>
</DocumentFragment>
`;
