// Jest Snapshot v1, https://goo.gl/fbAQLP

exports[`App should take a snapshot 1`] = `
<DocumentFragment>
  <div
    class="Backdrop__DivStyled-t2gny5-0 ioWaZg"
  >
    <button
      class="PromptWriting__ButtonStyled-e8y31h-0 hjQsgf"
    >
      "A nuke goes off in 5 minutes."
    </button>
  </div>
</DocumentFragment>
`;
