// Jest Snapshot v1, https://goo.gl/fbAQLP

exports[`App should take a snapshot 1`] = `
<DocumentFragment>
  <div
    class="Backdrop__BackdropWrapper-t2gny5-1 gDUmoH"
  >
    <div
      class="Backdrop__Container-t2gny5-0 jhoViZ default"
    >
      <img
        alt="Woman in lotus position"
        class="App__Icon-sc-3vbase-0 icSXeb icon"
        src="lotus_woman.png"
      />
      <button
        class="App__ButtonStyled-sc-3vbase-1 bZOBEr buttonLeft"
      >
        notes
      </button>
      <button
        class="App__ButtonStyled-sc-3vbase-1 bZOBEr buttonRight"
      >
        write
      </button>
    </div>
  </div>
</DocumentFragment>
`;
